[2025-02-14T09:18:35.492] [INFO] default - Парсим динамический сайт: https://google.com
[2025-02-14T09:33:41.077] [INFO] default - Парсим динамический сайт: https://google.com
[2025-02-14T09:34:28.309] [INFO] default - Парсим динамический сайт: https://google.com
[2025-02-14T09:35:19.655] [INFO] default - Парсим динамический сайт: https://google.com
[2025-02-14T09:35:45.270] [INFO] default - Парсим динамический сайт: https://google.com
[2025-02-14T09:44:39.411] [INFO] default - Парсим динамический сайт: https://google.com
[2025-02-14T09:47:11.662] [INFO] default - Парсим динамический сайт: https://avito.ru
[2025-02-14T09:57:00.415] [INFO] default - Парсим динамический сайт: https://avito.ru
[2025-02-14T09:57:57.909] [INFO] default - Парсим динамический сайт: https://avito.ru
[2025-02-14T10:18:30.710] [INFO] default - Парсим динамический сайт: https://avito.ru
[2025-02-14T10:19:21.382] [INFO] default - Парсим динамический сайт: https://avito.ru
[2025-02-14T10:24:01.941] [INFO] default - Парсим динамический сайт: https://avito.ru
[2025-02-14T10:26:50.095] [INFO] default - Парсим динамический сайт: https://ru.wikipedia.org
[2025-02-14T10:26:54.393] [INFO] default - Записал куки в файл.
[2025-02-14T10:26:54.394] [INFO] default - Сохраняем контент страницы...
[2025-02-14T10:36:34.184] [INFO] default - Начинаем парсинг динамического сайта: https://ru.wikipedia.org
[2025-02-14T10:36:34.552] [INFO] default - Загрузил куки из файла.
[2025-02-14T10:36:36.507] [INFO] default - Найдено заголовков: 12
[2025-02-14T10:36:36.508] [INFO] default - Найдено ссылок: 304
[2025-02-14T10:36:36.523] [INFO] default - Обновлённые куки записаны в файл.
[2025-02-14T10:36:36.601] [INFO] default - Браузер закрыт.
[2025-02-14T10:37:55.933] [INFO] default - Начинаем парсинг динамического сайта: https://avito.ru
[2025-02-14T10:37:56.138] [INFO] default - Загрузил куки из файла.
[2025-02-14T10:38:00.222] [INFO] default - Найдено заголовков: 1
[2025-02-14T10:38:00.222] [INFO] default - Найдено ссылок: 1
[2025-02-14T10:38:00.228] [INFO] default - Обновлённые куки записаны в файл.
[2025-02-14T10:38:00.305] [INFO] default - Браузер закрыт.
[2025-02-14T10:38:31.858] [INFO] default - Начинаем парсинг динамического сайта: https://avito.ru
[2025-02-14T10:38:32.054] [INFO] default - Загрузил куки из файла.
[2025-02-14T10:38:35.195] [INFO] default - Найдено заголовков: 1
[2025-02-14T10:38:35.195] [INFO] default - Найдено ссылок: 1
[2025-02-14T10:38:35.201] [INFO] default - Обновлённые куки записаны в файл.
[2025-02-14T10:38:35.307] [INFO] default - Браузер закрыт.
[2025-02-14T10:39:12.391] [INFO] default - Начинаем парсинг динамического сайта: https://avito.ru
[2025-02-14T10:39:12.869] [INFO] default - Загрузил куки из файла.
[2025-02-14T10:39:16.018] [INFO] default - Найдено заголовков: 1
[2025-02-14T10:39:16.019] [INFO] default - Найдено ссылок: 145
[2025-02-14T10:39:16.054] [INFO] default - Обновлённые куки записаны в файл.
[2025-02-14T10:39:16.318] [INFO] default - Браузер закрыт.
[2025-02-14T19:26:04.554] [INFO] default - Начинаем парсинг динамического сайта: https://avito.ru
[2025-02-14T19:28:45.310] [INFO] default - Начинаем парсинг динамического сайта: https://avito.ru
[2025-02-14T19:28:46.095] [INFO] default - Загрузил куки из файла.
[2025-02-14T19:28:47.661] [INFO] default - Найдено заголовков: 7
[2025-02-14T19:28:47.662] [INFO] default - Найдено ссылок: 75
[2025-02-14T19:28:47.686] [INFO] default - Обновлённые куки записаны в файл.
[2025-02-14T19:28:47.819] [INFO] default - Браузер закрыт.
[2025-02-14T19:29:46.197] [INFO] default - Начинаем парсинг динамического сайта: https://avito.ru
[2025-02-14T19:29:46.797] [INFO] default - Загрузил куки из файла.
[2025-02-14T19:29:48.950] [INFO] default - Найдено заголовков: 1
[2025-02-14T19:29:48.951] [INFO] default - Найдено ссылок: 72
[2025-02-14T19:29:48.970] [INFO] default - Обновлённые куки записаны в файл.
[2025-02-14T19:29:48.970] [INFO] default - Браузер закрыт.
[2025-02-14T19:34:30.722] [INFO] default - Начинаем парсинг динамического сайта: https://avito.ru
[2025-02-14T19:34:31.301] [INFO] default - Загрузил куки из файла.
[2025-02-14T19:34:32.917] [INFO] default - Найдено заголовков: 7
[2025-02-14T19:34:32.918] [INFO] default - Найдено ссылок: 74
[2025-02-14T19:34:32.932] [INFO] default - Обновлённые куки записаны в файл.
[2025-02-14T19:34:32.933] [INFO] default - Браузер закрыт.
[2025-02-14T19:34:59.420] [INFO] default - Начинаем парсинг динамического сайта: https://avito.ru
[2025-02-14T19:34:59.990] [ERROR] default - Ошибка парсинга: Unexpected end of JSON input
[2025-02-14T19:34:59.993] [INFO] default - Обновлённые куки записаны в файл.
[2025-02-14T19:34:59.993] [INFO] default - Браузер закрыт.
[2025-02-14T19:35:20.438] [INFO] default - Начинаем парсинг динамического сайта: https://avito.ru
[2025-02-14T19:35:21.009] [ERROR] default - Ошибка парсинга: Unexpected end of JSON input
[2025-02-14T19:35:21.011] [INFO] default - Обновлённые куки записаны в файл.
[2025-02-14T19:35:21.011] [INFO] default - Браузер закрыт.
[2025-02-14T19:35:38.136] [INFO] default - Начинаем парсинг динамического сайта: https://avito.ru
[2025-02-14T19:35:38.702] [INFO] default - Загрузил куки из файла.
[2025-02-14T19:35:43.196] [INFO] default - Найдено заголовков: 7
[2025-02-14T19:35:43.196] [INFO] default - Найдено ссылок: 73
[2025-02-14T19:35:43.210] [INFO] default - Обновлённые куки записаны в файл.
[2025-02-14T19:35:43.211] [INFO] default - Браузер закрыт.
[2025-02-14T19:40:38.773] [INFO] default - Начинаем парсинг динамического сайта: https://avito.ru
[2025-02-14T19:40:39.340] [INFO] default - Загрузил куки из файла.
[2025-02-14T19:40:41.323] [INFO] default - Найдено заголовков: 7
[2025-02-14T19:40:41.323] [INFO] default - Найдено ссылок: 74
[2025-02-14T19:40:41.350] [INFO] default - Обновлённые куки записаны в файл.
[2025-02-14T19:40:41.501] [INFO] default - Браузер закрыт.
[2025-02-14T19:41:10.432] [INFO] default - Начинаем парсинг динамического сайта: https://avito.ru
[2025-02-14T19:41:11.014] [INFO] default - Загрузил куки из файла.
[2025-02-14T19:41:13.854] [INFO] default - Найдено заголовков: 7
[2025-02-14T19:41:13.854] [INFO] default - Найдено ссылок: 74
[2025-02-14T19:41:13.864] [INFO] default - Обновлённые куки записаны в файл.
[2025-02-14T19:41:14.036] [INFO] default - Браузер закрыт.
[2025-02-14T19:45:12.031] [INFO] default - Начинаем парсинг динамического сайта: https://avito.ru
[2025-02-14T19:45:12.614] [INFO] default - Загрузил куки из файла.
[2025-02-14T19:45:14.515] [INFO] default - Найдено заголовков: 1
[2025-02-14T19:45:14.516] [INFO] default - Найдено ссылок: 145
[2025-02-14T19:45:14.545] [INFO] default - Обновлённые куки записаны в файл.
[2025-02-14T19:45:14.682] [INFO] default - Браузер закрыт.
[2025-02-14T19:47:24.885] [INFO] default - Начинаем парсинг динамического сайта: https://avito.ru
[2025-02-14T19:47:25.442] [INFO] default - Загрузил куки из файла.
[2025-02-14T19:47:27.106] [INFO] default - Найдено заголовков: 1
[2025-02-14T19:47:27.107] [INFO] default - Найдено ссылок: 143
[2025-02-14T19:47:27.132] [INFO] default - Обновлённые куки записаны в файл.
[2025-02-14T19:47:27.132] [INFO] default - Браузер закрыт.
[2025-02-14T19:53:02.872] [INFO] default - Начинаем парсинг динамического сайта: https://avito.ru
[2025-02-14T19:53:05.626] [INFO] default - Найдено заголовков: 1
[2025-02-14T19:53:05.626] [INFO] default - Найдено ссылок: 1
[2025-02-14T19:53:05.732] [INFO] default - Браузер закрыт.
[2025-02-14T19:53:29.975] [INFO] default - Начинаем парсинг динамического сайта: https://avito.ru
[2025-02-14T19:53:30.985] [INFO] default - Найдено заголовков: 1
[2025-02-14T19:53:30.986] [INFO] default - Найдено ссылок: 1
[2025-02-14T19:53:31.092] [INFO] default - Браузер закрыт.
[2025-02-14T19:53:37.696] [INFO] default - Начинаем парсинг динамического сайта: https://avito.ru
[2025-02-14T19:53:38.672] [INFO] default - Найдено заголовков: 1
[2025-02-14T19:53:38.672] [INFO] default - Найдено ссылок: 1
[2025-02-14T19:53:38.786] [INFO] default - Браузер закрыт.
[2025-02-14T19:54:16.690] [INFO] default - Начинаем парсинг динамического сайта: https://avito.ru
[2025-02-14T19:54:17.655] [INFO] default - Найдено заголовков: 1
[2025-02-14T19:54:17.655] [INFO] default - Найдено ссылок: 1
[2025-02-14T19:54:17.656] [INFO] default - Браузер закрыт.
[2025-02-14T19:56:56.070] [INFO] default - Начинаем парсинг динамического сайта: https://avito.ru
[2025-02-14T19:56:58.191] [INFO] default - Найдено заголовков: 1
[2025-02-14T19:56:58.192] [INFO] default - Найдено ссылок: 139
[2025-02-14T19:56:58.200] [INFO] default - Браузер закрыт.
[2025-02-14T20:04:40.956] [INFO] default - Начинаем парсинг динамического сайта: https://avito.ru
[2025-02-14T20:04:40.958] [INFO] default - fingerprint.json не найден, генерируем новый...
[2025-02-14T20:04:41.067] [INFO] default - Новый fingerprint сохранён в ./fingerprint.json
[2025-02-14T20:04:45.986] [INFO] default - Найдено заголовков: 1
[2025-02-14T20:04:45.987] [INFO] default - Найдено ссылок: 140
[2025-02-14T20:04:45.996] [INFO] default - Браузер закрыт.
[2025-02-14T20:08:32.053] [INFO] default - Начинаем парсинг динамического сайта: https://avito.ru
[2025-02-14T20:08:32.054] [INFO] default - fingerprint.json не найден, генерируем новый...
[2025-02-14T20:08:32.166] [INFO] default - Новый fingerprint сохранён в ./fingerprint.json
[2025-02-14T20:08:48.299] [INFO] default - Найдено заголовков: 1
[2025-02-14T20:08:48.300] [INFO] default - Найдено ссылок: 147
[2025-02-14T20:08:48.308] [INFO] default - Браузер закрыт.
[2025-02-14T20:14:23.113] [INFO] default - Начинаем парсинг динамического сайта: https://avito.ru
[2025-02-14T20:14:23.115] [INFO] default - Загружаем fingerprint из fingerprint.json
[2025-02-14T20:14:37.746] [INFO] default - Cookies сохранены в файл ./cookies.json. Кол-во: 177
[2025-02-14T20:14:38.636] [INFO] default - Найдено заголовков: 1
[2025-02-14T20:14:38.636] [INFO] default - Найдено ссылок: 145
[2025-02-14T20:14:38.654] [INFO] default - Cookies сохранены в файл ./cookies.json. Кол-во: 177
[2025-02-14T20:14:38.654] [INFO] default - Браузер закрыт.
[2025-02-14T20:17:29.580] [INFO] default - Начинаем парсинг динамического сайта: https://avito.ru
[2025-02-14T20:17:29.581] [INFO] default - Загружаем fingerprint из fingerprint.json
[2025-02-14T20:19:54.453] [INFO] default - Начинаем парсинг динамического сайта: https://avito.ru
[2025-02-14T20:19:54.454] [INFO] default - fingerprint.json не найден, генерируем новый...
[2025-02-14T20:19:54.566] [INFO] default - Новый fingerprint сохранён в ./fingerprint.json
[2025-02-14T20:20:12.165] [INFO] default - Cookies сохранены в файл ./cookies.json. Кол-во: 180
[2025-02-14T20:20:13.638] [INFO] default - Найдено заголовков: 1
[2025-02-14T20:20:13.639] [INFO] default - Найдено ссылок: 158
[2025-02-14T20:20:13.684] [INFO] default - Cookies сохранены в файл ./cookies.json. Кол-во: 182
[2025-02-14T20:20:13.685] [INFO] default - Браузер закрыт.
[2025-02-14T20:20:33.037] [INFO] default - Начинаем парсинг динамического сайта: https://avito.ru
[2025-02-14T20:20:33.038] [INFO] default - fingerprint.json не найден, генерируем новый...
[2025-02-14T20:20:33.145] [INFO] default - Новый fingerprint сохранён в ./fingerprint.json
[2025-02-14T20:20:33.613] [INFO] default - Загружены cookies из ./cookies.json. Кол-во: 182
[2025-02-14T20:20:46.774] [INFO] default - Cookies сохранены в файл ./cookies.json. Кол-во: 191
[2025-02-14T20:20:48.087] [INFO] default - Найдено заголовков: 1
[2025-02-14T20:20:48.087] [INFO] default - Найдено ссылок: 156
[2025-02-14T20:20:48.106] [INFO] default - Cookies сохранены в файл ./cookies.json. Кол-во: 190
[2025-02-14T20:20:48.107] [INFO] default - Браузер закрыт.
[2025-02-14T20:39:21.422] [INFO] default - Начинаем парсинг динамического сайта: https://avito.ru
[2025-02-14T20:39:21.423] [INFO] default - Загружаем fingerprint из fingerprint.json
[2025-02-14T20:39:21.953] [INFO] default - Загружены cookies из ./cookies.json. Кол-во: 190
[2025-02-14T20:39:35.932] [INFO] default - Cookies сохранены в файл ./cookies.json. Кол-во: 195
[2025-02-14T20:39:37.085] [INFO] default - Найдено заголовков: 1
[2025-02-14T20:39:37.086] [INFO] default - Найдено ссылок: 145
[2025-02-14T20:39:37.099] [INFO] default - Cookies сохранены в файл ./cookies.json. Кол-во: 194
[2025-02-14T20:39:37.100] [INFO] default - Браузер закрыт.
[2025-02-14T20:39:37.101] [INFO] default - Начинаем парсинг динамического сайта: https://avito.ru
[2025-02-14T20:39:37.102] [INFO] default - Загружаем fingerprint из fingerprint.json
[2025-02-14T20:40:06.521] [INFO] default - Начинаем парсинг динамического сайта: https://avito.ru
[2025-02-14T20:40:06.523] [INFO] default - Загружаем fingerprint из fingerprint.json
[2025-02-14T20:40:07.031] [INFO] default - Загружены cookies из ./cookies.json. Кол-во: 194
[2025-02-14T20:40:10.788] [INFO] default - Cookies сохранены в файл ./cookies.json. Кол-во: 193
[2025-02-14T20:40:12.024] [INFO] default - Найдено заголовков: 1
[2025-02-14T20:40:12.025] [INFO] default - Найдено ссылок: 164
[2025-02-14T20:40:12.033] [INFO] default - Cookies сохранены в файл ./cookies.json. Кол-во: 193
[2025-02-14T20:40:12.202] [INFO] default - Браузер закрыт.
[2025-02-14T20:40:12.203] [INFO] default - Начинаем парсинг динамического сайта: https://avito.ru
[2025-02-14T20:40:12.203] [INFO] default - Загружаем fingerprint из fingerprint.json
[2025-02-14T20:40:12.683] [INFO] default - Загружены cookies из ./cookies.json. Кол-во: 193
[2025-02-14T20:40:21.442] [INFO] default - Cookies сохранены в файл ./cookies.json. Кол-во: 193
[2025-02-14T20:40:22.279] [INFO] default - Найдено заголовков: 1
[2025-02-14T20:40:22.279] [INFO] default - Найдено ссылок: 157
[2025-02-14T20:40:22.296] [INFO] default - Cookies сохранены в файл ./cookies.json. Кол-во: 195
[2025-02-14T20:40:22.466] [INFO] default - Браузер закрыт.
[2025-02-14T20:40:22.467] [INFO] default - Начинаем парсинг динамического сайта: https://avito.ru
[2025-02-14T20:40:22.467] [INFO] default - Загружаем fingerprint из fingerprint.json
[2025-02-14T20:40:22.931] [INFO] default - Загружены cookies из ./cookies.json. Кол-во: 195
[2025-02-14T20:40:43.919] [INFO] default - Cookies сохранены в файл ./cookies.json. Кол-во: 194
[2025-02-14T20:40:45.060] [INFO] default - Найдено заголовков: 1
[2025-02-14T20:40:45.060] [INFO] default - Найдено ссылок: 157
[2025-02-14T20:40:45.075] [INFO] default - Cookies сохранены в файл ./cookies.json. Кол-во: 194
[2025-02-14T20:40:45.239] [INFO] default - Браузер закрыт.
[2025-02-14T20:40:45.240] [INFO] default - Начинаем парсинг динамического сайта: https://avito.ru
[2025-02-14T20:40:45.240] [INFO] default - Загружаем fingerprint из fingerprint.json
[2025-02-14T20:40:45.712] [INFO] default - Загружены cookies из ./cookies.json. Кол-во: 194
[2025-02-14T20:40:47.840] [ERROR] default - Ошибка парсинга: page.goto: net::ERR_ABORTED; maybe frame was detached?
Call log:
[2m  - navigating to "https://avito.ru/", waiting until "domcontentloaded"[22m

[2025-02-14T20:40:47.860] [ERROR] default - Ошибка при сохранении cookies: browserContext.cookies: Target page, context or browser has been closed
Browser logs:

<launching> C:\Users\admin\AppData\Local\ms-playwright\chromium-1155\chrome-win\chrome.exe --disable-field-trial-config --disable-background-networking --disable-background-timer-throttling --disable-backgrounding-occluded-windows --disable-back-forward-cache --disable-breakpad --disable-client-side-phishing-detection --disable-component-extensions-with-background-pages --disable-component-update --no-default-browser-check --disable-default-apps --disable-dev-shm-usage --disable-extensions --disable-features=ImprovedCookieControls,LazyFrameLoading,GlobalMediaControls,DestroyProfileOnBrowserClose,MediaRouter,DialMediaRouteProvider,AcceptCHFrame,AutoExpandDetailsElement,CertificateTransparencyComponentUpdater,AvoidUnnecessaryBeforeUnloadCheckSync,Translate,HttpsUpgrades,PaintHolding,ThirdPartyStoragePartitioning,LensOverlay,PlzDedicatedWorker --allow-pre-commit-input --disable-hang-monitor --disable-ipc-flooding-protection --disable-popup-blocking --disable-prompt-on-repost --disable-renderer-backgrounding --force-color-profile=srgb --metrics-recording-only --no-first-run --enable-automation --password-store=basic --use-mock-keychain --no-service-autorun --export-tagged-pdf --disable-search-engine-choice-screen --unsafely-disable-devtools-self-xss-warnings --no-sandbox --window-size=1920,1080 --user-data-dir=./user-data --remote-debugging-pipe about:blank
<launched> pid=18268
[2025-02-14T20:40:47.863] [ERROR] default - Ошибка при сохранении cookies: browserContext.cookies: Target page, context or browser has been closed
[2025-02-14T20:45:51.619] [INFO] default - Создаем новый контекст браузера...
[2025-02-14T20:45:51.621] [INFO] default - Загружаем fingerprint из fingerprint.json
[2025-02-14T20:45:52.096] [INFO] default - Загружены cookies из ./cookies.json. Кол-во: 194
[2025-02-14T20:45:52.098] [INFO] default - Контекст браузера создан.
[2025-02-14T20:45:52.098] [INFO] default - Открываем новую страницу: https://avito.ru
[2025-02-14T20:45:52.135] [INFO] default - Загружаем fingerprint из fingerprint.json
[2025-02-14T20:46:08.811] [INFO] default - Cookies сохранены в файл ./cookies.json. Кол-во: 195
[2025-02-14T20:46:08.812] [INFO] default - Парсим контент: https://www.avito.ru/
[2025-02-14T20:46:08.933] [INFO] default - Найдено заголовков: 1
[2025-02-14T20:46:08.934] [INFO] default - Найдено ссылок: 157
[2025-02-14T20:46:08.942] [INFO] default - Парсинг завершен.
[2025-02-14T20:46:08.942] [INFO] default - Открываем новую страницу: https://google.com
[2025-02-14T20:46:08.983] [INFO] default - Загружаем fingerprint из fingerprint.json
[2025-02-14T20:46:14.552] [INFO] default - Cookies сохранены в файл ./cookies.json. Кол-во: 197
[2025-02-14T20:46:14.553] [INFO] default - Парсим контент: https://www.google.com/
[2025-02-14T20:46:14.562] [INFO] default - Найдено заголовков: 0
[2025-02-14T20:46:14.565] [INFO] default - Найдено ссылок: 22
[2025-02-14T20:46:14.569] [INFO] default - Парсинг завершен.
[2025-02-14T20:46:14.569] [INFO] default - Закрываем браузерный контекст...
[2025-02-14T20:46:14.579] [INFO] default - Cookies сохранены в файл ./cookies.json. Кол-во: 197
[2025-02-14T20:46:14.749] [INFO] default - Контекст браузера закрыт.
[2025-02-14T20:46:46.111] [INFO] default - Создаем новый контекст браузера...
[2025-02-14T20:46:46.113] [INFO] default - Загружаем fingerprint из fingerprint.json
[2025-02-14T20:46:46.589] [INFO] default - Загружены cookies из ./cookies.json. Кол-во: 197
[2025-02-14T20:46:46.591] [INFO] default - Контекст браузера создан.
[2025-02-14T20:46:46.591] [INFO] default - Открываем новую страницу: https://avito.ru
[2025-02-14T20:46:46.623] [INFO] default - Загружаем fingerprint из fingerprint.json
[2025-02-14T20:46:51.396] [INFO] default - Cookies сохранены в файл ./cookies.json. Кол-во: 194
[2025-02-14T20:46:51.396] [INFO] default - Открываем новую страницу: https://google.com
[2025-02-14T20:46:51.429] [INFO] default - Загружаем fingerprint из fingerprint.json
[2025-02-14T20:46:53.999] [INFO] default - Cookies сохранены в файл ./cookies.json. Кол-во: 196
[2025-02-14T20:46:54.000] [INFO] default - Парсим контент: https://www.google.com/
[2025-02-14T20:46:54.021] [INFO] default - Найдено заголовков: 0
[2025-02-14T20:46:54.022] [INFO] default - Найдено ссылок: 22
[2025-02-14T20:46:54.025] [INFO] default - Парсинг завершен.
[2025-02-14T20:46:54.026] [INFO] default - Закрываем браузерный контекст...
[2025-02-14T20:46:54.030] [INFO] default - Cookies сохранены в файл ./cookies.json. Кол-во: 196
[2025-02-14T20:46:54.196] [INFO] default - Контекст браузера закрыт.
[2025-02-14T20:47:17.565] [INFO] default - Создаем новый контекст браузера...
[2025-02-14T20:47:17.567] [INFO] default - Загружаем fingerprint из fingerprint.json
[2025-02-14T20:47:18.065] [INFO] default - Загружены cookies из ./cookies.json. Кол-во: 196
[2025-02-14T20:47:18.068] [INFO] default - Контекст браузера создан.
[2025-02-14T20:47:18.068] [INFO] default - Открываем новую страницу: https://avito.ru
[2025-02-14T20:47:18.114] [INFO] default - Загружаем fingerprint из fingerprint.json
[2025-02-14T20:47:22.677] [INFO] default - Cookies сохранены в файл ./cookies.json. Кол-во: 195
[2025-02-14T20:47:22.677] [INFO] default - Открываем новую страницу: https://google.com
[2025-02-14T20:47:22.717] [INFO] default - Загружаем fingerprint из fingerprint.json
[2025-02-14T20:47:25.920] [INFO] default - Cookies сохранены в файл ./cookies.json. Кол-во: 195
[2025-02-14T20:47:25.921] [INFO] default - Парсим контент: https://www.google.com/
[2025-02-14T20:47:25.944] [INFO] default - Найдено заголовков: 0
[2025-02-14T20:47:25.944] [INFO] default - Найдено ссылок: 22
[2025-02-14T20:47:25.948] [INFO] default - Парсинг завершен.
[2025-02-14T20:47:48.074] [INFO] default - Периодическая сохранка cookies...
[2025-02-14T20:47:48.080] [INFO] default - Cookies сохранены в файл ./cookies.json. Кол-во: 197
[2025-02-14T20:48:18.086] [INFO] default - Периодическая сохранка cookies...
[2025-02-14T20:48:18.093] [INFO] default - Cookies сохранены в файл ./cookies.json. Кол-во: 198
[2025-02-14T20:48:48.091] [INFO] default - Периодическая сохранка cookies...
[2025-02-14T20:48:48.098] [INFO] default - Cookies сохранены в файл ./cookies.json. Кол-во: 197
[2025-02-14T20:49:18.145] [INFO] default - Периодическая сохранка cookies...
[2025-02-14T20:49:18.163] [INFO] default - Cookies сохранены в файл ./cookies.json. Кол-во: 197
[2025-02-14T20:49:48.149] [INFO] default - Периодическая сохранка cookies...
[2025-02-14T20:49:48.153] [INFO] default - Cookies сохранены в файл ./cookies.json. Кол-во: 207
[2025-02-14T20:50:18.157] [INFO] default - Периодическая сохранка cookies...
[2025-02-14T20:50:18.166] [INFO] default - Cookies сохранены в файл ./cookies.json. Кол-во: 207
[2025-02-14T20:50:48.158] [INFO] default - Периодическая сохранка cookies...
[2025-02-14T20:50:48.164] [INFO] default - Cookies сохранены в файл ./cookies.json. Кол-во: 207
[2025-02-14T20:51:18.165] [INFO] default - Периодическая сохранка cookies...
[2025-02-14T20:51:18.171] [INFO] default - Cookies сохранены в файл ./cookies.json. Кол-во: 207
[2025-02-14T20:51:48.173] [INFO] default - Периодическая сохранка cookies...
[2025-02-14T20:51:48.178] [INFO] default - Cookies сохранены в файл ./cookies.json. Кол-во: 207
[2025-02-14T20:52:18.176] [INFO] default - Периодическая сохранка cookies...
[2025-02-14T20:52:18.180] [INFO] default - Cookies сохранены в файл ./cookies.json. Кол-во: 207
[2025-02-14T20:52:48.190] [INFO] default - Периодическая сохранка cookies...
[2025-02-14T20:52:48.196] [INFO] default - Cookies сохранены в файл ./cookies.json. Кол-во: 206
[2025-02-14T20:53:18.194] [INFO] default - Периодическая сохранка cookies...
[2025-02-14T20:53:18.200] [INFO] default - Cookies сохранены в файл ./cookies.json. Кол-во: 206
[2025-02-14T20:53:48.194] [INFO] default - Периодическая сохранка cookies...
[2025-02-14T20:53:48.197] [INFO] default - Cookies сохранены в файл ./cookies.json. Кол-во: 210
[2025-02-14T20:54:18.199] [INFO] default - Периодическая сохранка cookies...
[2025-02-14T20:54:18.203] [INFO] default - Cookies сохранены в файл ./cookies.json. Кол-во: 211
[2025-02-14T20:54:48.203] [INFO] default - Периодическая сохранка cookies...
[2025-02-14T20:54:48.208] [INFO] default - Cookies сохранены в файл ./cookies.json. Кол-во: 210
[2025-02-14T20:55:18.209] [INFO] default - Периодическая сохранка cookies...
[2025-02-14T20:55:18.214] [INFO] default - Cookies сохранены в файл ./cookies.json. Кол-во: 210
[2025-02-14T21:00:53.333] [INFO] default - Создаем новый контекст браузера...
[2025-02-14T21:00:53.335] [INFO] default - Загружаем fingerprint из fingerprint.json
[2025-02-14T21:00:53.834] [INFO] default - Загружены cookies из ./cookies.json. Кол-во: 210
[2025-02-14T21:00:53.836] [INFO] default - Контекст браузера создан.
[2025-02-14T21:00:53.836] [INFO] default - Открываем новую страницу: https://avito.ru
[2025-02-14T21:00:53.864] [INFO] default - Загружаем fingerprint из fingerprint.json
[2025-02-14T21:01:04.536] [INFO] default - Cookies сохранены в файл ./cookies.json. Кол-во: 210
[2025-02-14T21:01:04.537] [INFO] default - Открываем новую страницу: https://google.com
[2025-02-14T21:01:04.566] [INFO] default - Загружаем fingerprint из fingerprint.json
[2025-02-14T21:01:07.571] [INFO] default - Cookies сохранены в файл ./cookies.json. Кол-во: 210
[2025-02-14T21:01:07.572] [INFO] default - Парсим контент: https://www.avito.ru/
[2025-02-14T21:01:07.705] [INFO] default - Найдено заголовков: 1
[2025-02-14T21:01:07.706] [INFO] default - Найдено ссылок: 164
[2025-02-14T21:01:07.714] [INFO] default - Парсинг завершен.
[2025-02-14T21:01:07.714] [INFO] default - Парсим контент: https://www.google.com/
[2025-02-14T21:01:07.768] [INFO] default - Найдено заголовков: 0
[2025-02-14T21:01:07.768] [INFO] default - Найдено ссылок: 22
[2025-02-14T21:01:07.770] [INFO] default - Парсинг завершен.
[2025-02-14T21:01:23.850] [INFO] default - Периодическая сохранка cookies...
[2025-02-14T21:01:23.854] [INFO] default - Cookies сохранены в файл ./cookies.json. Кол-во: 215
